// Jest Snapshot v1, https://goo.gl/fbAQLP

exports[`Connect Account View Should render correctly 1`] = `
{
  "asFragment": [Function],
  "baseElement": <body>
    <div>
      <div
        class="msteams-sync-utils"
      >
        <div
          class="p-24 d-flex flex-column overflow-y-auto"
        >
          <div
            class="flex-1 d-flex flex-column gap-16 align-items-center my-16"
          >
            <div
              class="d-flex flex-column gap-16 align-items-center"
            >
              <span
                style="width: 218px; line-height: 0;"
              >
                <svg
                  fill="none"
                  height="72"
                  viewBox="0 0 218 72"
                  width="218"
                  xmlns="http://www.w3.org/2000/svg"
                >
                  <path
                    clip-rule="evenodd"
                    d="M45.9789 30.6978C45.9789 30.6978 46.0689 34.6552 43.3247 37.3437C40.5801 40.0322 37.2091 39.7865 35.0163 39.044C32.8232 38.3016 29.9963 36.4491 29.4491 32.6467C28.9022 28.8439 31.3774 25.7547 31.3774 25.7547L36.7713 19.047L39.9128 15.2159L42.6094 11.8774C42.6094 11.8774 43.8468 10.2199 44.1995 9.87774C44.2694 9.80995 44.3411 9.76547 44.4114 9.73122L44.4626 9.7051L44.4717 9.70157C44.62 9.63766 44.7909 9.62389 44.9558 9.67968C45.1171 9.7344 45.2421 9.84526 45.3212 9.98189L45.3378 10.0084L45.3523 10.0387C45.3907 10.1115 45.4229 10.1944 45.438 10.2968C45.5101 10.783 45.4864 12.8515 45.4864 12.8515L45.6004 17.1412L45.7689 22.0928L45.9789 30.6978ZM52.9611 12.5351C62.9372 19.7957 67.5124 32.9721 63.3523 45.2959C58.2321 60.4625 41.8204 68.5955 26.6959 63.4613C11.5715 58.3268 3.46142 41.8699 8.5813 26.7033C12.7485 14.3594 24.3951 6.67548 36.74 7.01053L32.783 11.6988C25.4595 13.0266 19.1362 18.0418 16.6509 25.404C12.953 36.3576 19.151 48.359 30.4945 52.2094C41.8377 56.0602 54.0311 50.3022 57.7289 39.3487C60.2062 32.0108 58.2419 24.2033 53.2657 18.6903L52.9611 12.5351Z"
                    fill="#1E325C"
                    fill-rule="evenodd"
                  />
                  <path
                    d="M130.557 26.3423C130.891 26.0083 130.891 25.4668 130.557 25.1328L125.114 19.6903C124.78 19.3564 124.239 19.3564 123.905 19.6903C123.571 20.0243 123.571 20.5658 123.905 20.8998L128.742 25.7375L123.905 30.5753C123.571 30.9093 123.571 31.4508 123.905 31.7848C124.239 32.1187 124.78 32.1187 125.114 31.7848L130.557 26.3423ZM88.0469 26.5928H129.952V24.8823H88.0469V26.5928Z"
                    fill="#3F4350"
                    fill-opacity="0.24"
                  />
                  <path
                    d="M87.4415 46.8672C87.1075 46.5332 87.1075 45.9917 87.4415 45.6577L92.884 40.2152C93.2179 39.8813 93.7594 39.8813 94.0934 40.2152C94.4274 40.5492 94.4274 41.0907 94.0934 41.4247L89.2556 46.2625L94.0934 51.1002C94.4274 51.4342 94.4274 51.9757 94.0934 52.3097C93.7594 52.6436 93.2179 52.6436 92.884 52.3097L87.4415 46.8672ZM129.951 47.1177H88.0462V45.4072H129.951V47.1177Z"
                    fill="#3F4350"
                    fill-opacity="0.24"
                  />
                  <g
                    clip-path="url(#clip0_1218_79968)"
                  >
                    <rect
                      fill="white"
                      height="72"
                      transform="translate(145.951)"
                      width="72"
                    />
                    <path
                      d="M195.488 28.125H212.981C213.775 28.125 214.536 28.4403 215.097 29.0016C215.659 29.5628 215.974 30.324 215.974 31.1177V47.0521C215.974 53.1265 211.05 58.0499 204.975 58.0499H204.924C198.85 58.0514 193.925 53.1281 193.924 47.0537V29.6889C193.924 28.825 194.624 28.125 195.488 28.125ZM207.311 24.9755C209.191 24.9755 210.994 24.2287 212.323 22.8995C213.652 21.5703 214.399 19.7675 214.399 17.8878C214.399 16.008 213.652 14.2052 212.323 12.876C210.994 11.5468 209.191 10.8 207.311 10.8C205.431 10.8 203.629 11.5468 202.299 12.876C200.97 14.2052 200.223 16.008 200.223 17.8878C200.223 19.7675 200.97 21.5703 202.299 22.8995C203.629 24.2287 205.431 24.9755 207.311 24.9755Z"
                      fill="#5059C9"
                    />
                    <path
                      d="M185.261 24.9753C190.914 24.9753 195.498 20.3914 195.498 14.7369C195.498 9.08389 190.914 4.5 185.261 4.5C179.607 4.5 175.024 9.08311 175.024 14.7377C175.024 20.3914 179.607 24.9753 185.261 24.9753ZM198.911 28.1249H170.035C169.25 28.1441 168.506 28.4739 167.964 29.0418C167.423 29.6096 167.129 30.3691 167.147 31.1535V49.3283C166.92 59.1274 174.673 67.2604 184.472 67.5C194.272 67.2604 202.026 59.1274 201.797 49.3275V31.1535C201.815 30.3693 201.522 29.61 200.98 29.0423C200.439 28.4746 199.694 28.1449 198.91 28.1257L198.911 28.1249Z"
                      fill="#7B83EB"
                    />
                    <path
                      d="M186.048 28.125V53.5931C186.044 54.1642 185.871 54.7215 185.552 55.1949C185.233 55.6683 184.78 56.0368 184.252 56.2542C183.909 56.4001 183.539 56.475 183.165 56.475H168.533C168.326 55.9586 168.142 55.4331 167.982 54.9002C167.431 53.0929 167.149 51.2141 167.147 49.3245V31.1497C167.129 30.3665 167.422 29.6079 167.963 29.0408C168.503 28.4736 169.247 28.1442 170.03 28.125H186.048Z"
                      fill="black"
                      opacity="0.1"
                    />
                    <path
                      d="M184.472 28.125V55.1679C184.472 55.5409 184.397 55.9108 184.252 56.2542C184.035 56.7824 183.666 57.2346 183.193 57.554C182.719 57.8735 182.162 58.046 181.59 58.0498H169.274C169.005 57.5356 168.758 57.0102 168.533 56.475C168.322 55.9603 168.138 55.4346 167.982 54.9003C167.431 53.0929 167.149 51.2141 167.147 49.3245V31.1497C167.129 30.3665 167.422 29.6079 167.963 29.0408C168.503 28.4736 169.247 28.1442 170.03 28.125H184.472Z"
                      fill="black"
                      opacity="0.2"
                    />
                    <path
                      d="M184.472 28.125V52.0176C184.467 52.7802 184.161 53.51 183.622 54.0493C183.083 54.5887 182.353 54.8943 181.59 54.9002H167.982C167.431 53.0929 167.149 51.2141 167.147 49.3245V31.1497C167.129 30.3665 167.422 29.6079 167.963 29.0408C168.503 28.4736 169.247 28.1442 170.03 28.125H184.472Z"
                      fill="black"
                      opacity="0.2"
                    />
                    <path
                      d="M182.897 28.125V52.0176C182.892 52.7802 182.586 53.51 182.047 54.0493C181.508 54.5887 180.778 54.8943 180.016 54.9002H167.982C167.431 53.0929 167.149 51.2141 167.147 49.3245V31.1497C167.129 30.3665 167.422 29.6079 167.963 29.0408C168.503 28.4736 169.247 28.1442 170.03 28.125H182.897Z"
                      fill="black"
                      opacity="0.2"
                    />
                    <path
                      d="M186.048 19.9828V24.9436C185.78 24.9592 185.529 24.9748 185.26 24.9748C184.993 24.9748 184.741 24.9592 184.473 24.9436C183.941 24.9083 183.414 24.8239 182.898 24.6915C181.326 24.3191 179.864 23.5798 178.632 22.5341C177.4 21.4884 176.433 20.1659 175.811 18.6749C175.593 18.167 175.425 17.6398 175.307 17.1001H183.166C183.929 17.103 184.661 17.4076 185.201 17.9476C185.741 18.4876 186.046 19.2191 186.048 19.9828Z"
                      fill="black"
                      opacity="0.1"
                    />
                    <path
                      d="M184.473 21.5577V24.9445C183.941 24.909 183.414 24.8243 182.898 24.6917C181.326 24.3193 179.864 23.58 178.632 22.5343C177.4 21.4885 176.433 20.1661 175.811 18.675H181.591C182.354 18.6779 183.086 18.9826 183.626 19.5226C184.166 20.0626 184.47 20.7942 184.473 21.5577Z"
                      fill="black"
                      opacity="0.2"
                    />
                    <path
                      d="M184.473 21.5577V24.9445C183.941 24.909 183.414 24.8243 182.898 24.6917C181.326 24.3193 179.864 23.58 178.632 22.5343C177.4 21.4885 176.433 20.1661 175.811 18.675H181.591C182.354 18.6779 183.086 18.9826 183.626 19.5226C184.166 20.0626 184.47 20.7942 184.473 21.5577Z"
                      fill="black"
                      opacity="0.2"
                    />
                    <path
                      d="M182.898 21.5577V24.6917C181.326 24.3192 179.864 23.5799 178.632 22.5342C177.4 21.4885 176.433 20.166 175.811 18.675H180.016C180.779 18.6781 181.511 18.9829 182.051 19.5228C182.59 20.0628 182.895 20.7942 182.898 21.5577Z"
                      fill="black"
                      opacity="0.2"
                    />
                    <path
                      d="M151.135 18.6758H180.011C180.776 18.6758 181.511 18.9799 182.052 19.5212C182.594 20.0626 182.898 20.7968 182.898 21.5624V50.4384C182.898 51.2042 182.594 51.9386 182.052 52.4801C181.511 53.0216 180.776 53.3258 180.011 53.3258H151.135C150.37 53.3258 149.635 53.0216 149.094 52.4801C148.552 51.9386 148.248 51.2042 148.248 50.4384V21.5624C148.248 20.7966 148.552 20.0622 149.094 19.5207C149.635 18.9793 150.37 18.675 151.135 18.675V18.6758Z"
                      fill="url(#paint0_linear_1218_79968)"
                    />
                    <path
                      d="M173.172 29.6646H167.4V45.3828H163.722V29.6646H157.977V26.6157H173.172V29.6646Z"
                      fill="white"
                    />
                  </g>
                  <defs>
                    <lineargradient
                      gradientUnits="userSpaceOnUse"
                      id="paint0_linear_1218_79968"
                      x1="154.267"
                      x2="176.878"
                      y1="16.4198"
                      y2="55.5811"
                    >
                      <stop
                        stop-color="#5A62C3"
                      />
                      <stop
                        offset="0.5"
                        stop-color="#4D55BD"
                      />
                      <stop
                        offset="1"
                        stop-color="#3940AB"
                      />
                    </lineargradient>
                    <clippath
                      id="clip0_1218_79968"
                    >
                      <rect
                        fill="white"
                        height="72"
                        transform="translate(145.951)"
                        width="72"
                      />
                    </clippath>
                  </defs>
                </svg>
              </span>
              <h2
                class="text-center wt-600 my-0"
              >
                Connect your Microsoft Teams account
              </h2>
            </div>
            <button
              class="sc-kEqXSa gYXdoQ mm-button "
              width="fit-content"
            >
              Connect Account
            </button>
          </div>
          <hr
            class="w-full my-32"
          />
          <div
            class="d-flex flex-column gap-24"
          >
            <h5
              class="my-0 wt-600"
            >
              With your connected Microsoft Teams account, you will be able to:
            </h5>
            <ul
              class="my-0 px-0 d-flex flex-column gap-20"
            >
              <li
                class="d-flex gap-16 align-items-start"
              >
                <span
                  style="line-height: 0;"
                >
                  <svg
                    fill="none"
                    height="20"
                    viewBox="0 0 20 20"
                    width="20"
                    xmlns="http://www.w3.org/2000/svg"
                  >
                    <path
                      d="M15.4 12.916C15.808 13.108 16.132 13.408 16.372 13.816C16.624 14.212 16.75 14.638 16.75 15.094C16.75 15.538 16.642 15.94 16.426 16.3C16.222 16.672 15.934 16.966 15.562 17.182C15.202 17.398 14.8 17.506 14.356 17.506H5.644C5.2 17.506 4.792 17.398 4.42 17.182C4.06 16.966 3.772 16.672 3.556 16.3C3.352 15.94 3.25 15.538 3.25 15.094C3.25 14.638 3.37 14.212 3.61 13.816C3.862 13.42 4.192 13.15 4.6 13.006L6.994 11.566C6.826 11.398 6.652 11.152 6.472 10.828C6.172 10.24 5.938 9.62805 5.77 8.99205C5.59 8.32005 5.5 7.65405 5.5 6.99405C5.5 6.10605 5.686 5.32005 6.058 4.63605C6.43 3.95205 6.958 3.42405 7.642 3.05205C8.326 2.68005 9.112 2.49405 10 2.49405C10.888 2.49405 11.674 2.68005 12.358 3.05205C13.042 3.42405 13.57 3.95205 13.942 4.63605C14.314 5.32005 14.5 6.10605 14.5 6.99405C14.5 7.65405 14.41 8.31405 14.23 8.97405C14.062 9.62205 13.828 10.216 13.528 10.756C13.468 10.876 13.354 11.038 13.186 11.242C13.102 11.362 13.042 11.446 13.006 11.494L15.4 12.916ZM6.994 6.99405C6.994 7.70205 7.108 8.38605 7.336 9.04605C7.576 9.75405 7.912 10.324 8.344 10.756C8.836 11.248 9.388 11.494 10 11.494C10.612 11.494 11.164 11.248 11.656 10.756C12.088 10.324 12.424 9.75405 12.664 9.04605C12.892 8.38605 13.006 7.70205 13.006 6.99405C13.006 5.99805 12.712 5.23605 12.124 4.70805C11.596 4.24005 10.888 4.00605 10 4.00605C9.112 4.00605 8.404 4.24005 7.876 4.70805C7.288 5.23605 6.994 5.99805 6.994 6.99405ZM14.356 15.994C14.62 15.994 14.83 15.91 14.986 15.742C15.154 15.562 15.22 15.346 15.184 15.094C15.184 14.914 15.136 14.752 15.04 14.608C14.944 14.464 14.812 14.35 14.644 14.266L11.728 12.556C11.188 12.856 10.612 13.006 10 13.006C9.424 13.006 8.824 12.856 8.2 12.556L5.284 14.266C5.116 14.35 4.984 14.464 4.888 14.608C4.792 14.752 4.744 14.914 4.744 15.094C4.744 15.358 4.828 15.574 4.996 15.742C5.164 15.91 5.38 15.994 5.644 15.994H14.356Z"
                      fill="#3F4350"
                      fill-opacity="0.56"
                    />
                  </svg>
                </span>
                <h5
                  class="my-0 lh-20"
                >
                  Send and receive direct and group messages with your colleagues on Microsoft Teams
                </h5>
              </li>
              <li
                class="d-flex gap-16 align-items-start"
              >
                <span
                  style="line-height: 0;"
                >
                  <svg
                    fill="none"
                    height="20"
                    viewBox="0 0 20 20"
                    width="20"
                    xmlns="http://www.w3.org/2000/svg"
                  >
                    <path
                      d="M15.994 2.49405C16.414 2.49405 16.768 2.64405 17.056 2.94405C17.356 3.23205 17.506 3.58605 17.506 4.00605V13.006C17.506 13.426 17.356 13.78 17.056 14.068C16.768 14.356 16.414 14.5 15.994 14.5H5.5L2.494 17.506V4.00605C2.494 3.58605 2.638 3.23205 2.926 2.94405C3.226 2.64405 3.586 2.49405 4.006 2.49405H15.994ZM4.006 4.00605V13.87L4.87 13.006H15.994V4.00605H4.006ZM5.5 6.25605H14.5V7.75005H5.5V6.25605ZM5.5 9.24405H12.25V10.756H5.5V9.24405Z"
                      fill="#3F4350"
                      fill-opacity="0.56"
                    />
                  </svg>
                </span>
                <h5
                  class="my-0 lh-20"
                >
                  Send and receive messages in channels that are linked between the two platforms.
                </h5>
              </li>
            </ul>
          </div>
        </div>
      </div>
    </div>
  </body>,
  "container": <div>
    <div
      class="msteams-sync-utils"
    >
      <div
        class="p-24 d-flex flex-column overflow-y-auto"
      >
        <div
          class="flex-1 d-flex flex-column gap-16 align-items-center my-16"
        >
          <div
            class="d-flex flex-column gap-16 align-items-center"
          >
            <span
              style="width: 218px; line-height: 0;"
            >
              <svg
                fill="none"
                height="72"
                viewBox="0 0 218 72"
                width="218"
                xmlns="http://www.w3.org/2000/svg"
              >
                <path
                  clip-rule="evenodd"
                  d="M45.9789 30.6978C45.9789 30.6978 46.0689 34.6552 43.3247 37.3437C40.5801 40.0322 37.2091 39.7865 35.0163 39.044C32.8232 38.3016 29.9963 36.4491 29.4491 32.6467C28.9022 28.8439 31.3774 25.7547 31.3774 25.7547L36.7713 19.047L39.9128 15.2159L42.6094 11.8774C42.6094 11.8774 43.8468 10.2199 44.1995 9.87774C44.2694 9.80995 44.3411 9.76547 44.4114 9.73122L44.4626 9.7051L44.4717 9.70157C44.62 9.63766 44.7909 9.62389 44.9558 9.67968C45.1171 9.7344 45.2421 9.84526 45.3212 9.98189L45.3378 10.0084L45.3523 10.0387C45.3907 10.1115 45.4229 10.1944 45.438 10.2968C45.5101 10.783 45.4864 12.8515 45.4864 12.8515L45.6004 17.1412L45.7689 22.0928L45.9789 30.6978ZM52.9611 12.5351C62.9372 19.7957 67.5124 32.9721 63.3523 45.2959C58.2321 60.4625 41.8204 68.5955 26.6959 63.4613C11.5715 58.3268 3.46142 41.8699 8.5813 26.7033C12.7485 14.3594 24.3951 6.67548 36.74 7.01053L32.783 11.6988C25.4595 13.0266 19.1362 18.0418 16.6509 25.404C12.953 36.3576 19.151 48.359 30.4945 52.2094C41.8377 56.0602 54.0311 50.3022 57.7289 39.3487C60.2062 32.0108 58.2419 24.2033 53.2657 18.6903L52.9611 12.5351Z"
                  fill="#1E325C"
                  fill-rule="evenodd"
                />
                <path
                  d="M130.557 26.3423C130.891 26.0083 130.891 25.4668 130.557 25.1328L125.114 19.6903C124.78 19.3564 124.239 19.3564 123.905 19.6903C123.571 20.0243 123.571 20.5658 123.905 20.8998L128.742 25.7375L123.905 30.5753C123.571 30.9093 123.571 31.4508 123.905 31.7848C124.239 32.1187 124.78 32.1187 125.114 31.7848L130.557 26.3423ZM88.0469 26.5928H129.952V24.8823H88.0469V26.5928Z"
                  fill="#3F4350"
                  fill-opacity="0.24"
                />
                <path
                  d="M87.4415 46.8672C87.1075 46.5332 87.1075 45.9917 87.4415 45.6577L92.884 40.2152C93.2179 39.8813 93.7594 39.8813 94.0934 40.2152C94.4274 40.5492 94.4274 41.0907 94.0934 41.4247L89.2556 46.2625L94.0934 51.1002C94.4274 51.4342 94.4274 51.9757 94.0934 52.3097C93.7594 52.6436 93.2179 52.6436 92.884 52.3097L87.4415 46.8672ZM129.951 47.1177H88.0462V45.4072H129.951V47.1177Z"
                  fill="#3F4350"
                  fill-opacity="0.24"
                />
                <g
                  clip-path="url(#clip0_1218_79968)"
                >
                  <rect
                    fill="white"
                    height="72"
                    transform="translate(145.951)"
                    width="72"
                  />
                  <path
                    d="M195.488 28.125H212.981C213.775 28.125 214.536 28.4403 215.097 29.0016C215.659 29.5628 215.974 30.324 215.974 31.1177V47.0521C215.974 53.1265 211.05 58.0499 204.975 58.0499H204.924C198.85 58.0514 193.925 53.1281 193.924 47.0537V29.6889C193.924 28.825 194.624 28.125 195.488 28.125ZM207.311 24.9755C209.191 24.9755 210.994 24.2287 212.323 22.8995C213.652 21.5703 214.399 19.7675 214.399 17.8878C214.399 16.008 213.652 14.2052 212.323 12.876C210.994 11.5468 209.191 10.8 207.311 10.8C205.431 10.8 203.629 11.5468 202.299 12.876C200.97 14.2052 200.223 16.008 200.223 17.8878C200.223 19.7675 200.97 21.5703 202.299 22.8995C203.629 24.2287 205.431 24.9755 207.311 24.9755Z"
                    fill="#5059C9"
                  />
                  <path
                    d="M185.261 24.9753C190.914 24.9753 195.498 20.3914 195.498 14.7369C195.498 9.08389 190.914 4.5 185.261 4.5C179.607 4.5 175.024 9.08311 175.024 14.7377C175.024 20.3914 179.607 24.9753 185.261 24.9753ZM198.911 28.1249H170.035C169.25 28.1441 168.506 28.4739 167.964 29.0418C167.423 29.6096 167.129 30.3691 167.147 31.1535V49.3283C166.92 59.1274 174.673 67.2604 184.472 67.5C194.272 67.2604 202.026 59.1274 201.797 49.3275V31.1535C201.815 30.3693 201.522 29.61 200.98 29.0423C200.439 28.4746 199.694 28.1449 198.91 28.1257L198.911 28.1249Z"
                    fill="#7B83EB"
                  />
                  <path
                    d="M186.048 28.125V53.5931C186.044 54.1642 185.871 54.7215 185.552 55.1949C185.233 55.6683 184.78 56.0368 184.252 56.2542C183.909 56.4001 183.539 56.475 183.165 56.475H168.533C168.326 55.9586 168.142 55.4331 167.982 54.9002C167.431 53.0929 167.149 51.2141 167.147 49.3245V31.1497C167.129 30.3665 167.422 29.6079 167.963 29.0408C168.503 28.4736 169.247 28.1442 170.03 28.125H186.048Z"
                    fill="black"
                    opacity="0.1"
                  />
                  <path
                    d="M184.472 28.125V55.1679C184.472 55.5409 184.397 55.9108 184.252 56.2542C184.035 56.7824 183.666 57.2346 183.193 57.554C182.719 57.8735 182.162 58.046 181.59 58.0498H169.274C169.005 57.5356 168.758 57.0102 168.533 56.475C168.322 55.9603 168.138 55.4346 167.982 54.9003C167.431 53.0929 167.149 51.2141 167.147 49.3245V31.1497C167.129 30.3665 167.422 29.6079 167.963 29.0408C168.503 28.4736 169.247 28.1442 170.03 28.125H184.472Z"
                    fill="black"
                    opacity="0.2"
                  />
                  <path
                    d="M184.472 28.125V52.0176C184.467 52.7802 184.161 53.51 183.622 54.0493C183.083 54.5887 182.353 54.8943 181.59 54.9002H167.982C167.431 53.0929 167.149 51.2141 167.147 49.3245V31.1497C167.129 30.3665 167.422 29.6079 167.963 29.0408C168.503 28.4736 169.247 28.1442 170.03 28.125H184.472Z"
                    fill="black"
                    opacity="0.2"
                  />
                  <path
                    d="M182.897 28.125V52.0176C182.892 52.7802 182.586 53.51 182.047 54.0493C181.508 54.5887 180.778 54.8943 180.016 54.9002H167.982C167.431 53.0929 167.149 51.2141 167.147 49.3245V31.1497C167.129 30.3665 167.422 29.6079 167.963 29.0408C168.503 28.4736 169.247 28.1442 170.03 28.125H182.897Z"
                    fill="black"
                    opacity="0.2"
                  />
                  <path
                    d="M186.048 19.9828V24.9436C185.78 24.9592 185.529 24.9748 185.26 24.9748C184.993 24.9748 184.741 24.9592 184.473 24.9436C183.941 24.9083 183.414 24.8239 182.898 24.6915C181.326 24.3191 179.864 23.5798 178.632 22.5341C177.4 21.4884 176.433 20.1659 175.811 18.6749C175.593 18.167 175.425 17.6398 175.307 17.1001H183.166C183.929 17.103 184.661 17.4076 185.201 17.9476C185.741 18.4876 186.046 19.2191 186.048 19.9828Z"
                    fill="black"
                    opacity="0.1"
                  />
                  <path
                    d="M184.473 21.5577V24.9445C183.941 24.909 183.414 24.8243 182.898 24.6917C181.326 24.3193 179.864 23.58 178.632 22.5343C177.4 21.4885 176.433 20.1661 175.811 18.675H181.591C182.354 18.6779 183.086 18.9826 183.626 19.5226C184.166 20.0626 184.47 20.7942 184.473 21.5577Z"
                    fill="black"
                    opacity="0.2"
                  />
                  <path
                    d="M184.473 21.5577V24.9445C183.941 24.909 183.414 24.8243 182.898 24.6917C181.326 24.3193 179.864 23.58 178.632 22.5343C177.4 21.4885 176.433 20.1661 175.811 18.675H181.591C182.354 18.6779 183.086 18.9826 183.626 19.5226C184.166 20.0626 184.47 20.7942 184.473 21.5577Z"
                    fill="black"
                    opacity="0.2"
                  />
                  <path
                    d="M182.898 21.5577V24.6917C181.326 24.3192 179.864 23.5799 178.632 22.5342C177.4 21.4885 176.433 20.166 175.811 18.675H180.016C180.779 18.6781 181.511 18.9829 182.051 19.5228C182.59 20.0628 182.895 20.7942 182.898 21.5577Z"
                    fill="black"
                    opacity="0.2"
                  />
                  <path
                    d="M151.135 18.6758H180.011C180.776 18.6758 181.511 18.9799 182.052 19.5212C182.594 20.0626 182.898 20.7968 182.898 21.5624V50.4384C182.898 51.2042 182.594 51.9386 182.052 52.4801C181.511 53.0216 180.776 53.3258 180.011 53.3258H151.135C150.37 53.3258 149.635 53.0216 149.094 52.4801C148.552 51.9386 148.248 51.2042 148.248 50.4384V21.5624C148.248 20.7966 148.552 20.0622 149.094 19.5207C149.635 18.9793 150.37 18.675 151.135 18.675V18.6758Z"
                    fill="url(#paint0_linear_1218_79968)"
                  />
                  <path
                    d="M173.172 29.6646H167.4V45.3828H163.722V29.6646H157.977V26.6157H173.172V29.6646Z"
                    fill="white"
                  />
                </g>
                <defs>
                  <lineargradient
                    gradientUnits="userSpaceOnUse"
                    id="paint0_linear_1218_79968"
                    x1="154.267"
                    x2="176.878"
                    y1="16.4198"
                    y2="55.5811"
                  >
                    <stop
                      stop-color="#5A62C3"
                    />
                    <stop
                      offset="0.5"
                      stop-color="#4D55BD"
                    />
                    <stop
                      offset="1"
                      stop-color="#3940AB"
                    />
                  </lineargradient>
                  <clippath
                    id="clip0_1218_79968"
                  >
                    <rect
                      fill="white"
                      height="72"
                      transform="translate(145.951)"
                      width="72"
                    />
                  </clippath>
                </defs>
              </svg>
            </span>
            <h2
              class="text-center wt-600 my-0"
            >
              Connect your Microsoft Teams account
            </h2>
          </div>
          <button
            class="sc-kEqXSa gYXdoQ mm-button "
            width="fit-content"
          >
            Connect Account
          </button>
        </div>
        <hr
          class="w-full my-32"
        />
        <div
          class="d-flex flex-column gap-24"
        >
          <h5
            class="my-0 wt-600"
          >
            With your connected Microsoft Teams account, you will be able to:
          </h5>
          <ul
            class="my-0 px-0 d-flex flex-column gap-20"
          >
            <li
              class="d-flex gap-16 align-items-start"
            >
              <span
                style="line-height: 0;"
              >
                <svg
                  fill="none"
                  height="20"
                  viewBox="0 0 20 20"
                  width="20"
                  xmlns="http://www.w3.org/2000/svg"
                >
                  <path
                    d="M15.4 12.916C15.808 13.108 16.132 13.408 16.372 13.816C16.624 14.212 16.75 14.638 16.75 15.094C16.75 15.538 16.642 15.94 16.426 16.3C16.222 16.672 15.934 16.966 15.562 17.182C15.202 17.398 14.8 17.506 14.356 17.506H5.644C5.2 17.506 4.792 17.398 4.42 17.182C4.06 16.966 3.772 16.672 3.556 16.3C3.352 15.94 3.25 15.538 3.25 15.094C3.25 14.638 3.37 14.212 3.61 13.816C3.862 13.42 4.192 13.15 4.6 13.006L6.994 11.566C6.826 11.398 6.652 11.152 6.472 10.828C6.172 10.24 5.938 9.62805 5.77 8.99205C5.59 8.32005 5.5 7.65405 5.5 6.99405C5.5 6.10605 5.686 5.32005 6.058 4.63605C6.43 3.95205 6.958 3.42405 7.642 3.05205C8.326 2.68005 9.112 2.49405 10 2.49405C10.888 2.49405 11.674 2.68005 12.358 3.05205C13.042 3.42405 13.57 3.95205 13.942 4.63605C14.314 5.32005 14.5 6.10605 14.5 6.99405C14.5 7.65405 14.41 8.31405 14.23 8.97405C14.062 9.62205 13.828 10.216 13.528 10.756C13.468 10.876 13.354 11.038 13.186 11.242C13.102 11.362 13.042 11.446 13.006 11.494L15.4 12.916ZM6.994 6.99405C6.994 7.70205 7.108 8.38605 7.336 9.04605C7.576 9.75405 7.912 10.324 8.344 10.756C8.836 11.248 9.388 11.494 10 11.494C10.612 11.494 11.164 11.248 11.656 10.756C12.088 10.324 12.424 9.75405 12.664 9.04605C12.892 8.38605 13.006 7.70205 13.006 6.99405C13.006 5.99805 12.712 5.23605 12.124 4.70805C11.596 4.24005 10.888 4.00605 10 4.00605C9.112 4.00605 8.404 4.24005 7.876 4.70805C7.288 5.23605 6.994 5.99805 6.994 6.99405ZM14.356 15.994C14.62 15.994 14.83 15.91 14.986 15.742C15.154 15.562 15.22 15.346 15.184 15.094C15.184 14.914 15.136 14.752 15.04 14.608C14.944 14.464 14.812 14.35 14.644 14.266L11.728 12.556C11.188 12.856 10.612 13.006 10 13.006C9.424 13.006 8.824 12.856 8.2 12.556L5.284 14.266C5.116 14.35 4.984 14.464 4.888 14.608C4.792 14.752 4.744 14.914 4.744 15.094C4.744 15.358 4.828 15.574 4.996 15.742C5.164 15.91 5.38 15.994 5.644 15.994H14.356Z"
                    fill="#3F4350"
                    fill-opacity="0.56"
                  />
                </svg>
              </span>
              <h5
                class="my-0 lh-20"
              >
                Send and receive direct and group messages with your colleagues on Microsoft Teams
              </h5>
            </li>
            <li
              class="d-flex gap-16 align-items-start"
            >
              <span
                style="line-height: 0;"
              >
                <svg
                  fill="none"
                  height="20"
                  viewBox="0 0 20 20"
                  width="20"
                  xmlns="http://www.w3.org/2000/svg"
                >
                  <path
                    d="M15.994 2.49405C16.414 2.49405 16.768 2.64405 17.056 2.94405C17.356 3.23205 17.506 3.58605 17.506 4.00605V13.006C17.506 13.426 17.356 13.78 17.056 14.068C16.768 14.356 16.414 14.5 15.994 14.5H5.5L2.494 17.506V4.00605C2.494 3.58605 2.638 3.23205 2.926 2.94405C3.226 2.64405 3.586 2.49405 4.006 2.49405H15.994ZM4.006 4.00605V13.87L4.87 13.006H15.994V4.00605H4.006ZM5.5 6.25605H14.5V7.75005H5.5V6.25605ZM5.5 9.24405H12.25V10.756H5.5V9.24405Z"
                    fill="#3F4350"
                    fill-opacity="0.56"
                  />
                </svg>
              </span>
              <h5
                class="my-0 lh-20"
              >
                Send and receive messages in channels that are linked between the two platforms.
              </h5>
            </li>
          </ul>
        </div>
      </div>
    </div>
  </div>,
  "debug": [Function],
  "findAllByAltText": [Function],
  "findAllByDisplayValue": [Function],
  "findAllByLabelText": [Function],
  "findAllByPlaceholderText": [Function],
  "findAllByRole": [Function],
  "findAllByTestId": [Function],
  "findAllByText": [Function],
  "findAllByTitle": [Function],
  "findByAltText": [Function],
  "findByDisplayValue": [Function],
  "findByLabelText": [Function],
  "findByPlaceholderText": [Function],
  "findByRole": [Function],
  "findByTestId": [Function],
  "findByText": [Function],
  "findByTitle": [Function],
  "getAllByAltText": [Function],
  "getAllByDisplayValue": [Function],
  "getAllByLabelText": [Function],
  "getAllByPlaceholderText": [Function],
  "getAllByRole": [Function],
  "getAllByTestId": [Function],
  "getAllByText": [Function],
  "getAllByTitle": [Function],
  "getByAltText": [Function],
  "getByDisplayValue": [Function],
  "getByLabelText": [Function],
  "getByPlaceholderText": [Function],
  "getByRole": [Function],
  "getByTestId": [Function],
  "getByText": [Function],
  "getByTitle": [Function],
  "queryAllByAltText": [Function],
  "queryAllByDisplayValue": [Function],
  "queryAllByLabelText": [Function],
  "queryAllByPlaceholderText": [Function],
  "queryAllByRole": [Function],
  "queryAllByTestId": [Function],
  "queryAllByText": [Function],
  "queryAllByTitle": [Function],
  "queryByAltText": [Function],
  "queryByDisplayValue": [Function],
  "queryByLabelText": [Function],
  "queryByPlaceholderText": [Function],
  "queryByRole": [Function],
  "queryByTestId": [Function],
  "queryByText": [Function],
  "queryByTitle": [Function],
  "rerender": [Function],
  "unmount": [Function],
}
`;
