// Jest Snapshot v1, https://goo.gl/fbAQLP

exports[`Linked Channel Card component Should render correctly 1`] = `
{
  "asFragment": [Function],
  "baseElement": <body>
    <div>
      <div
        class="msteams-sync-utils"
      >
        <div
          class="px-16 py-12 border-t-1 d-flex gap-4 msteams-linked-channel"
        >
          <div
            class="msteams-linked-channel__link-icon d-flex align-items-center flex-column justify-center"
          >
            <span
              style="line-height: 0;"
            >
              <svg
                fill="none"
                height="19"
                viewBox="0 0 19 19"
                width="19"
                xmlns="http://www.w3.org/2000/svg"
              >
                <rect
                  fill="white"
                  height="18"
                  transform="translate(0.5 0.5)"
                  width="18"
                />
                <path
                  d="M8.6504 10.3596C8.7752 10.4748 8.8376 10.6188 8.8376 10.7916C8.8376 10.9548 8.7752 11.094 8.6504 11.2092C8.5352 11.3244 8.3912 11.382 8.2184 11.382C8.0552 11.382 7.916 11.3244 7.8008 11.2092C7.4168 10.8252 7.1576 10.3788 7.0232 9.87005C6.8888 9.35165 6.8888 8.83325 7.0232 8.31485C7.1576 7.79645 7.4168 7.34525 7.8008 6.96125L9.932 4.84445C10.316 4.46045 10.7624 4.20125 11.2712 4.06685C11.7896 3.93245 12.3032 3.93245 12.812 4.06685C13.3304 4.20125 13.7816 4.46045 14.1656 4.84445C14.5496 5.22845 14.8088 5.67965 14.9432 6.19805C15.0776 6.70685 15.0776 7.22045 14.9432 7.73885C14.8088 8.24765 14.5496 8.69405 14.1656 9.07805L13.2728 9.97085C13.2824 9.48125 13.2008 9.00125 13.028 8.53085L13.316 8.24285C13.5464 8.01245 13.7 7.74365 13.7768 7.43645C13.8632 7.12925 13.8632 6.82205 13.7768 6.51485C13.7 6.19805 13.5464 5.92445 13.316 5.69405C13.0856 5.46365 12.812 5.31005 12.4952 5.23325C12.188 5.14685 11.8808 5.14685 11.5736 5.23325C11.2664 5.31005 10.9976 5.46365 10.7672 5.69405L8.6504 7.81085C8.42 8.04125 8.2616 8.31485 8.1752 8.63165C8.0984 8.93885 8.0984 9.24605 8.1752 9.55325C8.2616 9.86045 8.42 10.1292 8.6504 10.3596ZM10.3496 7.81085C10.4648 7.69565 10.604 7.63805 10.7672 7.63805C10.94 7.63805 11.084 7.69565 11.1992 7.81085C11.5832 8.19485 11.8424 8.64605 11.9768 9.16445C12.1112 9.67325 12.1112 10.1868 11.9768 10.7052C11.8424 11.2236 11.5832 11.6748 11.1992 12.0588L9.068 14.1756C8.684 14.5596 8.2328 14.8188 7.7144 14.9532C7.2056 15.0876 6.692 15.0876 6.1736 14.9532C5.6648 14.8188 5.2184 14.5596 4.8344 14.1756C4.4504 13.7916 4.1912 13.3452 4.0568 12.8364C3.9224 12.318 3.9224 11.8044 4.0568 11.2956C4.1912 10.7772 4.4504 10.326 4.8344 9.94205L5.7272 9.03485C5.7272 9.56285 5.8088 10.0524 5.972 10.5036L5.684 10.7772C5.4536 11.0076 5.2952 11.2764 5.2088 11.5836C5.132 11.8908 5.132 12.2028 5.2088 12.5196C5.2952 12.8268 5.4536 13.0956 5.684 13.326C5.9144 13.5564 6.1832 13.7148 6.4904 13.8012C6.7976 13.878 7.1048 13.878 7.412 13.8012C7.7288 13.7148 8.0024 13.5564 8.2328 13.326L10.3496 11.2092C10.58 10.9788 10.7336 10.71 10.8104 10.4028C10.8968 10.086 10.8968 9.77405 10.8104 9.46685C10.7336 9.15965 10.58 8.89085 10.3496 8.66045C10.2248 8.54525 10.1624 8.40605 10.1624 8.24285C10.1624 8.07005 10.2248 7.92605 10.3496 7.81085Z"
                  fill="#3F4350"
                  fill-opacity="0.32"
                />
              </svg>
            </span>
          </div>
          <div
            class="d-flex flex-column gap-6"
          >
            <div
              class="d-flex gap-8 align-items-center"
            >
              <span
                style="line-height: 0;"
              >
                <svg
                  fill="none"
                  height="24"
                  viewBox="0 0 24 24"
                  width="24"
                  xmlns="http://www.w3.org/2000/svg"
                >
                  <path
                    d="M12 4.49405C13.356 4.49405 14.616 4.83605 15.78 5.52005C16.908 6.19205 17.808 7.09205 18.48 8.22005C19.164 9.38405 19.506 10.644 19.506 12C19.506 13.356 19.164 14.616 18.48 15.78C17.808 16.908 16.908 17.808 15.78 18.48C14.616 19.164 13.356 19.506 12 19.506C10.644 19.506 9.384 19.164 8.22 18.48C7.092 17.808 6.192 16.908 5.52 15.78C4.836 14.616 4.494 13.356 4.494 12C4.494 10.644 4.836 9.38405 5.52 8.22005C6.192 7.09205 7.092 6.19205 8.22 5.52005C9.384 4.83605 10.644 4.49405 12 4.49405ZM17.994 12.378V12C17.994 11.316 17.922 10.716 17.778 10.2C17.754 10.224 17.7 10.248 17.616 10.272C17.544 10.296 17.496 10.32 17.472 10.344C16.896 10.608 16.074 10.836 15.006 11.028V13.566C15.786 13.434 16.476 13.236 17.076 12.972C17.556 12.756 17.862 12.558 17.994 12.378ZM10.884 15.294C11.016 15.99 11.202 16.59 11.442 17.094C11.634 17.514 11.82 17.79 12 17.922C12.168 17.802 12.348 17.526 12.54 17.094C12.756 16.614 12.954 16.014 13.134 15.294C12.882 15.342 12.504 15.366 12 15.366C11.868 15.366 11.676 15.354 11.424 15.33C11.184 15.306 11.004 15.294 10.884 15.294ZM12 13.872C12.648 13.872 13.122 13.848 13.422 13.8C13.422 13.632 13.434 13.368 13.458 13.008C13.482 12.576 13.494 12.24 13.494 12V11.172C13.146 11.22 12.648 11.244 12 11.244C11.352 11.244 10.854 11.22 10.506 11.172V12C10.506 12.24 10.518 12.576 10.542 13.008C10.566 13.368 10.578 13.632 10.578 13.8C10.878 13.848 11.352 13.872 12 13.872ZM13.35 9.67805C13.206 8.71805 12.99 7.87805 12.702 7.15805C12.462 6.55805 12.228 6.17405 12 6.00605C11.772 6.17405 11.538 6.55805 11.298 7.15805C11.01 7.87805 10.794 8.71805 10.65 9.67805C10.95 9.72605 11.4 9.75005 12 9.75005C12.6 9.75005 13.05 9.72605 13.35 9.67805ZM17.094 8.85005C16.362 7.66205 15.342 6.83405 14.034 6.36605C14.214 6.78605 14.376 7.27205 14.52 7.82405C14.664 8.37605 14.772 8.94005 14.844 9.51605C15.276 9.45605 15.708 9.35405 16.14 9.21005C16.392 9.12605 16.71 9.00605 17.094 8.85005ZM6.906 8.85005C7.482 9.09005 8.232 9.31205 9.156 9.51605C9.372 8.25605 9.672 7.20605 10.056 6.36605C9.396 6.58205 8.796 6.91205 8.256 7.35605C7.74 7.76405 7.29 8.26205 6.906 8.85005ZM6.294 10.2C6.186 10.452 6.114 10.74 6.078 11.064C6.042 11.388 6.042 11.7 6.078 12V12.378C6.21 12.558 6.522 12.756 7.014 12.972C7.614 13.236 8.304 13.434 9.084 13.566C9.024 13.218 8.994 12.696 8.994 12C8.994 11.76 9 11.586 9.012 11.478C9.024 11.31 9.048 11.16 9.084 11.028C8.076 10.86 7.248 10.632 6.6 10.344L6.456 10.29C6.384 10.254 6.33 10.224 6.294 10.2ZM6.528 14.394C6.864 15.15 7.338 15.81 7.95 16.374C8.562 16.938 9.264 17.352 10.056 17.616C9.672 16.776 9.42 15.954 9.3 15.15C8.388 15.018 7.464 14.766 6.528 14.394ZM17.472 14.394C16.812 14.73 15.888 14.982 14.7 15.15C14.58 15.954 14.328 16.776 13.944 17.616C14.736 17.352 15.438 16.938 16.05 16.374C16.662 15.81 17.136 15.15 17.472 14.394Z"
                    fill="#3F4350"
                    fill-opacity="0.56"
                  />
                </svg>
              </span>
              <h5
                class="my-0"
              >
                mockMattermostChannelName
              </h5>
              <h5
                class="my-0 opacity-6"
              >
                mockMattermostTeamName
              </h5>
            </div>
            <div
              class="d-flex gap-8 align-items-center"
            >
              <span
                style="line-height: 0;"
              >
                <svg
                  fill="none"
                  height="24"
                  viewBox="0 0 24 24"
                  width="24"
                  xmlns="http://www.w3.org/2000/svg"
                >
                  <path
                    d="M14.9979 10.2499H18.8854C19.0617 10.2499 19.2309 10.32 19.3556 10.4447C19.4804 10.5694 19.5504 10.7386 19.5504 10.9149V14.4559C19.5504 15.8058 18.4562 16.8999 17.1063 16.8999H17.0949C15.745 16.9002 14.6506 15.8061 14.6504 14.4563V10.5974C14.6504 10.4055 14.8059 10.2499 14.9979 10.2499ZM17.6253 9.54999C18.0431 9.54999 18.4437 9.38405 18.7391 9.08867C19.0344 8.79329 19.2004 8.39268 19.2004 7.97495C19.2004 7.55722 19.0344 7.1566 18.7391 6.86122C18.4437 6.56584 18.0431 6.3999 17.6253 6.3999C17.2076 6.3999 16.807 6.56584 16.5116 6.86122C16.2162 7.1566 16.0503 7.55722 16.0503 7.97495C16.0503 8.39268 16.2162 8.79329 16.5116 9.08867C16.807 9.38405 17.2076 9.54999 17.6253 9.54999Z"
                    fill="#5059C9"
                  />
                  <path
                    d="M12.7255 9.55007C13.9818 9.55007 15.0003 8.53143 15.0003 7.27486C15.0003 6.01864 13.9818 5 12.7255 5C11.4691 5 10.4506 6.01847 10.4506 7.27504C10.4506 8.53143 11.4691 9.55007 12.7255 9.55007ZM15.7588 10.25H9.34194C9.16765 10.2543 9.00217 10.3275 8.88186 10.4537C8.76156 10.5799 8.69626 10.7487 8.70031 10.923V14.9618C8.64967 17.1394 10.3726 18.9468 12.5503 19C14.7281 18.9468 16.4511 17.1394 16.4003 14.9617V10.923C16.4043 10.7487 16.339 10.58 16.2187 10.4538C16.0984 10.3277 15.9329 10.2544 15.7587 10.2502L15.7588 10.25Z"
                    fill="#7B83EB"
                  />
                  <path
                    d="M12.8995 10.25V15.9096C12.8987 16.0365 12.8603 16.1603 12.7893 16.2655C12.7183 16.3707 12.6179 16.4526 12.5005 16.5009C12.4242 16.5334 12.342 16.55 12.2589 16.55H9.00739C8.96137 16.4352 8.92052 16.3185 8.88496 16.2001C8.76241 15.7984 8.69989 15.3809 8.6994 14.961V10.9222C8.6953 10.7481 8.76047 10.5795 8.88059 10.4535C9.00071 10.3275 9.16594 10.2543 9.34 10.25H12.8995Z"
                    fill="black"
                    opacity="0.1"
                  />
                  <path
                    d="M12.5494 10.25V16.2595C12.5494 16.3424 12.5327 16.4246 12.5005 16.5009C12.4522 16.6183 12.3702 16.7188 12.265 16.7898C12.1598 16.8608 12.0359 16.8991 11.909 16.9H9.17196C9.11216 16.7857 9.05725 16.6689 9.00739 16.55C8.96037 16.4356 8.9195 16.3188 8.88496 16.2001C8.76241 15.7984 8.69989 15.3809 8.6994 14.961V10.9222C8.6953 10.7481 8.76047 10.5795 8.88059 10.4535C9.00071 10.3275 9.16594 10.2543 9.34 10.25H12.5494Z"
                    fill="black"
                    opacity="0.2"
                  />
                  <path
                    d="M12.5494 10.25V15.5595C12.5481 15.7289 12.4803 15.8911 12.3604 16.011C12.2406 16.1308 12.0784 16.1987 11.909 16.2001H8.88496C8.76241 15.7984 8.69989 15.3809 8.6994 14.961V10.9222C8.6953 10.7481 8.76047 10.5795 8.88059 10.4535C9.00071 10.3275 9.16594 10.2543 9.34 10.25H12.5494Z"
                    fill="black"
                    opacity="0.2"
                  />
                  <path
                    d="M12.1994 10.25V15.5595C12.1982 15.7289 12.1303 15.8911 12.0105 16.011C11.8907 16.1308 11.7285 16.1987 11.559 16.2001H8.88496C8.76241 15.7984 8.69989 15.3809 8.6994 14.961V10.9222C8.6953 10.7481 8.76047 10.5795 8.88059 10.4535C9.00071 10.3275 9.16594 10.2543 9.34 10.25H12.1994Z"
                    fill="black"
                    opacity="0.2"
                  />
                  <path
                    d="M12.9007 8.44065V9.54305C12.8411 9.54652 12.7852 9.54998 12.7256 9.54998C12.6661 9.54998 12.6101 9.54652 12.5506 9.54305C12.4325 9.5352 12.3153 9.51645 12.2007 9.48703C11.8513 9.40427 11.5264 9.23999 11.2527 9.0076C10.9789 8.77522 10.7641 8.48134 10.6257 8.15C10.5774 8.03715 10.5399 7.91997 10.5137 7.80005H12.2601C12.4298 7.80069 12.5924 7.86838 12.7124 7.98838C12.8324 8.10838 12.9001 8.27095 12.9007 8.44065Z"
                    fill="black"
                    opacity="0.1"
                  />
                  <path
                    d="M12.5499 8.7905V9.54312C12.4318 9.53522 12.3146 9.51641 12.2 9.48694C11.8506 9.40418 11.5257 9.23989 11.252 9.0075C10.9782 8.77512 10.7634 8.48124 10.625 8.1499H11.9095C12.0792 8.15054 12.2417 8.21824 12.3617 8.33825C12.4817 8.45825 12.5493 8.62081 12.5499 8.7905Z"
                    fill="black"
                    opacity="0.2"
                  />
                  <path
                    d="M12.5499 8.7905V9.54312C12.4318 9.53522 12.3146 9.51641 12.2 9.48694C11.8506 9.40418 11.5257 9.23989 11.252 9.0075C10.9782 8.77512 10.7634 8.48124 10.625 8.1499H11.9095C12.0792 8.15054 12.2417 8.21824 12.3617 8.33825C12.4817 8.45825 12.5493 8.62081 12.5499 8.7905Z"
                    fill="black"
                    opacity="0.2"
                  />
                  <path
                    d="M12.2 8.7905V9.48694C11.8506 9.40416 11.5257 9.23987 11.252 9.00749C10.9782 8.7751 10.7634 8.48123 10.625 8.1499H11.5595C11.7292 8.15059 11.8917 8.2183 12.0117 8.3383C12.1316 8.45829 12.1993 8.62083 12.2 8.7905Z"
                    fill="black"
                    opacity="0.2"
                  />
                  <path
                    d="M5.14164 8.15008H11.5584C11.7285 8.15008 11.8917 8.21765 12.012 8.33795C12.1323 8.45824 12.1999 8.6214 12.2 8.79154V15.2084C12.2 15.3786 12.1324 15.5418 12.0121 15.6621C11.8917 15.7825 11.7285 15.8501 11.5584 15.8501H5.14164C4.97146 15.8501 4.80826 15.7825 4.68793 15.6621C4.5676 15.5418 4.5 15.3786 4.5 15.2084V8.79154C4.5 8.62137 4.5676 8.45816 4.68793 8.33783C4.80826 8.2175 4.97146 8.1499 5.14164 8.1499V8.15008Z"
                    fill="url(#paint0_linear_1519_21312)"
                  />
                  <path
                    d="M10.0389 10.5921H8.7561V14.085H7.93897V10.5921H6.66211V9.91455H10.0389V10.5921Z"
                    fill="white"
                  />
                  <defs>
                    <lineargradient
                      gradientUnits="userSpaceOnUse"
                      id="paint0_linear_1519_21312"
                      x1="5.83755"
                      x2="10.8623"
                      y1="7.64873"
                      y2="16.3512"
                    >
                      <stop
                        stop-color="#5A62C3"
                      />
                      <stop
                        offset="0.5"
                        stop-color="#4D55BD"
                      />
                      <stop
                        offset="1"
                        stop-color="#3940AB"
                      />
                    </lineargradient>
                  </defs>
                </svg>
              </span>
              <h5
                class="my-0"
              >
                mockMSTeamsChannelName
              </h5>
              <h5
                class="my-0 opacity-6"
              >
                mockMSTeamsTeamName
              </h5>
            </div>
          </div>
        </div>
      </div>
    </div>
  </body>,
  "container": <div>
    <div
      class="msteams-sync-utils"
    >
      <div
        class="px-16 py-12 border-t-1 d-flex gap-4 msteams-linked-channel"
      >
        <div
          class="msteams-linked-channel__link-icon d-flex align-items-center flex-column justify-center"
        >
          <span
            style="line-height: 0;"
          >
            <svg
              fill="none"
              height="19"
              viewBox="0 0 19 19"
              width="19"
              xmlns="http://www.w3.org/2000/svg"
            >
              <rect
                fill="white"
                height="18"
                transform="translate(0.5 0.5)"
                width="18"
              />
              <path
                d="M8.6504 10.3596C8.7752 10.4748 8.8376 10.6188 8.8376 10.7916C8.8376 10.9548 8.7752 11.094 8.6504 11.2092C8.5352 11.3244 8.3912 11.382 8.2184 11.382C8.0552 11.382 7.916 11.3244 7.8008 11.2092C7.4168 10.8252 7.1576 10.3788 7.0232 9.87005C6.8888 9.35165 6.8888 8.83325 7.0232 8.31485C7.1576 7.79645 7.4168 7.34525 7.8008 6.96125L9.932 4.84445C10.316 4.46045 10.7624 4.20125 11.2712 4.06685C11.7896 3.93245 12.3032 3.93245 12.812 4.06685C13.3304 4.20125 13.7816 4.46045 14.1656 4.84445C14.5496 5.22845 14.8088 5.67965 14.9432 6.19805C15.0776 6.70685 15.0776 7.22045 14.9432 7.73885C14.8088 8.24765 14.5496 8.69405 14.1656 9.07805L13.2728 9.97085C13.2824 9.48125 13.2008 9.00125 13.028 8.53085L13.316 8.24285C13.5464 8.01245 13.7 7.74365 13.7768 7.43645C13.8632 7.12925 13.8632 6.82205 13.7768 6.51485C13.7 6.19805 13.5464 5.92445 13.316 5.69405C13.0856 5.46365 12.812 5.31005 12.4952 5.23325C12.188 5.14685 11.8808 5.14685 11.5736 5.23325C11.2664 5.31005 10.9976 5.46365 10.7672 5.69405L8.6504 7.81085C8.42 8.04125 8.2616 8.31485 8.1752 8.63165C8.0984 8.93885 8.0984 9.24605 8.1752 9.55325C8.2616 9.86045 8.42 10.1292 8.6504 10.3596ZM10.3496 7.81085C10.4648 7.69565 10.604 7.63805 10.7672 7.63805C10.94 7.63805 11.084 7.69565 11.1992 7.81085C11.5832 8.19485 11.8424 8.64605 11.9768 9.16445C12.1112 9.67325 12.1112 10.1868 11.9768 10.7052C11.8424 11.2236 11.5832 11.6748 11.1992 12.0588L9.068 14.1756C8.684 14.5596 8.2328 14.8188 7.7144 14.9532C7.2056 15.0876 6.692 15.0876 6.1736 14.9532C5.6648 14.8188 5.2184 14.5596 4.8344 14.1756C4.4504 13.7916 4.1912 13.3452 4.0568 12.8364C3.9224 12.318 3.9224 11.8044 4.0568 11.2956C4.1912 10.7772 4.4504 10.326 4.8344 9.94205L5.7272 9.03485C5.7272 9.56285 5.8088 10.0524 5.972 10.5036L5.684 10.7772C5.4536 11.0076 5.2952 11.2764 5.2088 11.5836C5.132 11.8908 5.132 12.2028 5.2088 12.5196C5.2952 12.8268 5.4536 13.0956 5.684 13.326C5.9144 13.5564 6.1832 13.7148 6.4904 13.8012C6.7976 13.878 7.1048 13.878 7.412 13.8012C7.7288 13.7148 8.0024 13.5564 8.2328 13.326L10.3496 11.2092C10.58 10.9788 10.7336 10.71 10.8104 10.4028C10.8968 10.086 10.8968 9.77405 10.8104 9.46685C10.7336 9.15965 10.58 8.89085 10.3496 8.66045C10.2248 8.54525 10.1624 8.40605 10.1624 8.24285C10.1624 8.07005 10.2248 7.92605 10.3496 7.81085Z"
                fill="#3F4350"
                fill-opacity="0.32"
              />
            </svg>
          </span>
        </div>
        <div
          class="d-flex flex-column gap-6"
        >
          <div
            class="d-flex gap-8 align-items-center"
          >
            <span
              style="line-height: 0;"
            >
              <svg
                fill="none"
                height="24"
                viewBox="0 0 24 24"
                width="24"
                xmlns="http://www.w3.org/2000/svg"
              >
                <path
                  d="M12 4.49405C13.356 4.49405 14.616 4.83605 15.78 5.52005C16.908 6.19205 17.808 7.09205 18.48 8.22005C19.164 9.38405 19.506 10.644 19.506 12C19.506 13.356 19.164 14.616 18.48 15.78C17.808 16.908 16.908 17.808 15.78 18.48C14.616 19.164 13.356 19.506 12 19.506C10.644 19.506 9.384 19.164 8.22 18.48C7.092 17.808 6.192 16.908 5.52 15.78C4.836 14.616 4.494 13.356 4.494 12C4.494 10.644 4.836 9.38405 5.52 8.22005C6.192 7.09205 7.092 6.19205 8.22 5.52005C9.384 4.83605 10.644 4.49405 12 4.49405ZM17.994 12.378V12C17.994 11.316 17.922 10.716 17.778 10.2C17.754 10.224 17.7 10.248 17.616 10.272C17.544 10.296 17.496 10.32 17.472 10.344C16.896 10.608 16.074 10.836 15.006 11.028V13.566C15.786 13.434 16.476 13.236 17.076 12.972C17.556 12.756 17.862 12.558 17.994 12.378ZM10.884 15.294C11.016 15.99 11.202 16.59 11.442 17.094C11.634 17.514 11.82 17.79 12 17.922C12.168 17.802 12.348 17.526 12.54 17.094C12.756 16.614 12.954 16.014 13.134 15.294C12.882 15.342 12.504 15.366 12 15.366C11.868 15.366 11.676 15.354 11.424 15.33C11.184 15.306 11.004 15.294 10.884 15.294ZM12 13.872C12.648 13.872 13.122 13.848 13.422 13.8C13.422 13.632 13.434 13.368 13.458 13.008C13.482 12.576 13.494 12.24 13.494 12V11.172C13.146 11.22 12.648 11.244 12 11.244C11.352 11.244 10.854 11.22 10.506 11.172V12C10.506 12.24 10.518 12.576 10.542 13.008C10.566 13.368 10.578 13.632 10.578 13.8C10.878 13.848 11.352 13.872 12 13.872ZM13.35 9.67805C13.206 8.71805 12.99 7.87805 12.702 7.15805C12.462 6.55805 12.228 6.17405 12 6.00605C11.772 6.17405 11.538 6.55805 11.298 7.15805C11.01 7.87805 10.794 8.71805 10.65 9.67805C10.95 9.72605 11.4 9.75005 12 9.75005C12.6 9.75005 13.05 9.72605 13.35 9.67805ZM17.094 8.85005C16.362 7.66205 15.342 6.83405 14.034 6.36605C14.214 6.78605 14.376 7.27205 14.52 7.82405C14.664 8.37605 14.772 8.94005 14.844 9.51605C15.276 9.45605 15.708 9.35405 16.14 9.21005C16.392 9.12605 16.71 9.00605 17.094 8.85005ZM6.906 8.85005C7.482 9.09005 8.232 9.31205 9.156 9.51605C9.372 8.25605 9.672 7.20605 10.056 6.36605C9.396 6.58205 8.796 6.91205 8.256 7.35605C7.74 7.76405 7.29 8.26205 6.906 8.85005ZM6.294 10.2C6.186 10.452 6.114 10.74 6.078 11.064C6.042 11.388 6.042 11.7 6.078 12V12.378C6.21 12.558 6.522 12.756 7.014 12.972C7.614 13.236 8.304 13.434 9.084 13.566C9.024 13.218 8.994 12.696 8.994 12C8.994 11.76 9 11.586 9.012 11.478C9.024 11.31 9.048 11.16 9.084 11.028C8.076 10.86 7.248 10.632 6.6 10.344L6.456 10.29C6.384 10.254 6.33 10.224 6.294 10.2ZM6.528 14.394C6.864 15.15 7.338 15.81 7.95 16.374C8.562 16.938 9.264 17.352 10.056 17.616C9.672 16.776 9.42 15.954 9.3 15.15C8.388 15.018 7.464 14.766 6.528 14.394ZM17.472 14.394C16.812 14.73 15.888 14.982 14.7 15.15C14.58 15.954 14.328 16.776 13.944 17.616C14.736 17.352 15.438 16.938 16.05 16.374C16.662 15.81 17.136 15.15 17.472 14.394Z"
                  fill="#3F4350"
                  fill-opacity="0.56"
                />
              </svg>
            </span>
            <h5
              class="my-0"
            >
              mockMattermostChannelName
            </h5>
            <h5
              class="my-0 opacity-6"
            >
              mockMattermostTeamName
            </h5>
          </div>
          <div
            class="d-flex gap-8 align-items-center"
          >
            <span
              style="line-height: 0;"
            >
              <svg
                fill="none"
                height="24"
                viewBox="0 0 24 24"
                width="24"
                xmlns="http://www.w3.org/2000/svg"
              >
                <path
                  d="M14.9979 10.2499H18.8854C19.0617 10.2499 19.2309 10.32 19.3556 10.4447C19.4804 10.5694 19.5504 10.7386 19.5504 10.9149V14.4559C19.5504 15.8058 18.4562 16.8999 17.1063 16.8999H17.0949C15.745 16.9002 14.6506 15.8061 14.6504 14.4563V10.5974C14.6504 10.4055 14.8059 10.2499 14.9979 10.2499ZM17.6253 9.54999C18.0431 9.54999 18.4437 9.38405 18.7391 9.08867C19.0344 8.79329 19.2004 8.39268 19.2004 7.97495C19.2004 7.55722 19.0344 7.1566 18.7391 6.86122C18.4437 6.56584 18.0431 6.3999 17.6253 6.3999C17.2076 6.3999 16.807 6.56584 16.5116 6.86122C16.2162 7.1566 16.0503 7.55722 16.0503 7.97495C16.0503 8.39268 16.2162 8.79329 16.5116 9.08867C16.807 9.38405 17.2076 9.54999 17.6253 9.54999Z"
                  fill="#5059C9"
                />
                <path
                  d="M12.7255 9.55007C13.9818 9.55007 15.0003 8.53143 15.0003 7.27486C15.0003 6.01864 13.9818 5 12.7255 5C11.4691 5 10.4506 6.01847 10.4506 7.27504C10.4506 8.53143 11.4691 9.55007 12.7255 9.55007ZM15.7588 10.25H9.34194C9.16765 10.2543 9.00217 10.3275 8.88186 10.4537C8.76156 10.5799 8.69626 10.7487 8.70031 10.923V14.9618C8.64967 17.1394 10.3726 18.9468 12.5503 19C14.7281 18.9468 16.4511 17.1394 16.4003 14.9617V10.923C16.4043 10.7487 16.339 10.58 16.2187 10.4538C16.0984 10.3277 15.9329 10.2544 15.7587 10.2502L15.7588 10.25Z"
                  fill="#7B83EB"
                />
                <path
                  d="M12.8995 10.25V15.9096C12.8987 16.0365 12.8603 16.1603 12.7893 16.2655C12.7183 16.3707 12.6179 16.4526 12.5005 16.5009C12.4242 16.5334 12.342 16.55 12.2589 16.55H9.00739C8.96137 16.4352 8.92052 16.3185 8.88496 16.2001C8.76241 15.7984 8.69989 15.3809 8.6994 14.961V10.9222C8.6953 10.7481 8.76047 10.5795 8.88059 10.4535C9.00071 10.3275 9.16594 10.2543 9.34 10.25H12.8995Z"
                  fill="black"
                  opacity="0.1"
                />
                <path
                  d="M12.5494 10.25V16.2595C12.5494 16.3424 12.5327 16.4246 12.5005 16.5009C12.4522 16.6183 12.3702 16.7188 12.265 16.7898C12.1598 16.8608 12.0359 16.8991 11.909 16.9H9.17196C9.11216 16.7857 9.05725 16.6689 9.00739 16.55C8.96037 16.4356 8.9195 16.3188 8.88496 16.2001C8.76241 15.7984 8.69989 15.3809 8.6994 14.961V10.9222C8.6953 10.7481 8.76047 10.5795 8.88059 10.4535C9.00071 10.3275 9.16594 10.2543 9.34 10.25H12.5494Z"
                  fill="black"
                  opacity="0.2"
                />
                <path
                  d="M12.5494 10.25V15.5595C12.5481 15.7289 12.4803 15.8911 12.3604 16.011C12.2406 16.1308 12.0784 16.1987 11.909 16.2001H8.88496C8.76241 15.7984 8.69989 15.3809 8.6994 14.961V10.9222C8.6953 10.7481 8.76047 10.5795 8.88059 10.4535C9.00071 10.3275 9.16594 10.2543 9.34 10.25H12.5494Z"
                  fill="black"
                  opacity="0.2"
                />
                <path
                  d="M12.1994 10.25V15.5595C12.1982 15.7289 12.1303 15.8911 12.0105 16.011C11.8907 16.1308 11.7285 16.1987 11.559 16.2001H8.88496C8.76241 15.7984 8.69989 15.3809 8.6994 14.961V10.9222C8.6953 10.7481 8.76047 10.5795 8.88059 10.4535C9.00071 10.3275 9.16594 10.2543 9.34 10.25H12.1994Z"
                  fill="black"
                  opacity="0.2"
                />
                <path
                  d="M12.9007 8.44065V9.54305C12.8411 9.54652 12.7852 9.54998 12.7256 9.54998C12.6661 9.54998 12.6101 9.54652 12.5506 9.54305C12.4325 9.5352 12.3153 9.51645 12.2007 9.48703C11.8513 9.40427 11.5264 9.23999 11.2527 9.0076C10.9789 8.77522 10.7641 8.48134 10.6257 8.15C10.5774 8.03715 10.5399 7.91997 10.5137 7.80005H12.2601C12.4298 7.80069 12.5924 7.86838 12.7124 7.98838C12.8324 8.10838 12.9001 8.27095 12.9007 8.44065Z"
                  fill="black"
                  opacity="0.1"
                />
                <path
                  d="M12.5499 8.7905V9.54312C12.4318 9.53522 12.3146 9.51641 12.2 9.48694C11.8506 9.40418 11.5257 9.23989 11.252 9.0075C10.9782 8.77512 10.7634 8.48124 10.625 8.1499H11.9095C12.0792 8.15054 12.2417 8.21824 12.3617 8.33825C12.4817 8.45825 12.5493 8.62081 12.5499 8.7905Z"
                  fill="black"
                  opacity="0.2"
                />
                <path
                  d="M12.5499 8.7905V9.54312C12.4318 9.53522 12.3146 9.51641 12.2 9.48694C11.8506 9.40418 11.5257 9.23989 11.252 9.0075C10.9782 8.77512 10.7634 8.48124 10.625 8.1499H11.9095C12.0792 8.15054 12.2417 8.21824 12.3617 8.33825C12.4817 8.45825 12.5493 8.62081 12.5499 8.7905Z"
                  fill="black"
                  opacity="0.2"
                />
                <path
                  d="M12.2 8.7905V9.48694C11.8506 9.40416 11.5257 9.23987 11.252 9.00749C10.9782 8.7751 10.7634 8.48123 10.625 8.1499H11.5595C11.7292 8.15059 11.8917 8.2183 12.0117 8.3383C12.1316 8.45829 12.1993 8.62083 12.2 8.7905Z"
                  fill="black"
                  opacity="0.2"
                />
                <path
                  d="M5.14164 8.15008H11.5584C11.7285 8.15008 11.8917 8.21765 12.012 8.33795C12.1323 8.45824 12.1999 8.6214 12.2 8.79154V15.2084C12.2 15.3786 12.1324 15.5418 12.0121 15.6621C11.8917 15.7825 11.7285 15.8501 11.5584 15.8501H5.14164C4.97146 15.8501 4.80826 15.7825 4.68793 15.6621C4.5676 15.5418 4.5 15.3786 4.5 15.2084V8.79154C4.5 8.62137 4.5676 8.45816 4.68793 8.33783C4.80826 8.2175 4.97146 8.1499 5.14164 8.1499V8.15008Z"
                  fill="url(#paint0_linear_1519_21312)"
                />
                <path
                  d="M10.0389 10.5921H8.7561V14.085H7.93897V10.5921H6.66211V9.91455H10.0389V10.5921Z"
                  fill="white"
                />
                <defs>
                  <lineargradient
                    gradientUnits="userSpaceOnUse"
                    id="paint0_linear_1519_21312"
                    x1="5.83755"
                    x2="10.8623"
                    y1="7.64873"
                    y2="16.3512"
                  >
                    <stop
                      stop-color="#5A62C3"
                    />
                    <stop
                      offset="0.5"
                      stop-color="#4D55BD"
                    />
                    <stop
                      offset="1"
                      stop-color="#3940AB"
                    />
                  </lineargradient>
                </defs>
              </svg>
            </span>
            <h5
              class="my-0"
            >
              mockMSTeamsChannelName
            </h5>
            <h5
              class="my-0 opacity-6"
            >
              mockMSTeamsTeamName
            </h5>
          </div>
        </div>
      </div>
    </div>
  </div>,
  "debug": [Function],
  "findAllByAltText": [Function],
  "findAllByDisplayValue": [Function],
  "findAllByLabelText": [Function],
  "findAllByPlaceholderText": [Function],
  "findAllByRole": [Function],
  "findAllByTestId": [Function],
  "findAllByText": [Function],
  "findAllByTitle": [Function],
  "findByAltText": [Function],
  "findByDisplayValue": [Function],
  "findByLabelText": [Function],
  "findByPlaceholderText": [Function],
  "findByRole": [Function],
  "findByTestId": [Function],
  "findByText": [Function],
  "findByTitle": [Function],
  "getAllByAltText": [Function],
  "getAllByDisplayValue": [Function],
  "getAllByLabelText": [Function],
  "getAllByPlaceholderText": [Function],
  "getAllByRole": [Function],
  "getAllByTestId": [Function],
  "getAllByText": [Function],
  "getAllByTitle": [Function],
  "getByAltText": [Function],
  "getByDisplayValue": [Function],
  "getByLabelText": [Function],
  "getByPlaceholderText": [Function],
  "getByRole": [Function],
  "getByTestId": [Function],
  "getByText": [Function],
  "getByTitle": [Function],
  "queryAllByAltText": [Function],
  "queryAllByDisplayValue": [Function],
  "queryAllByLabelText": [Function],
  "queryAllByPlaceholderText": [Function],
  "queryAllByRole": [Function],
  "queryAllByTestId": [Function],
  "queryAllByText": [Function],
  "queryAllByTitle": [Function],
  "queryByAltText": [Function],
  "queryByDisplayValue": [Function],
  "queryByLabelText": [Function],
  "queryByPlaceholderText": [Function],
  "queryByRole": [Function],
  "queryByTestId": [Function],
  "queryByText": [Function],
  "queryByTitle": [Function],
  "rerender": [Function],
  "unmount": [Function],
}
`;
